=== Light PDF Build Script ===

Detected Host OS: linux

Build configuration:
  Linux binary: false
  Windows binary: true
  Embed pdfium (single-file): true

Checking Windows cross-compilation dependencies...
✓ mingw-w64 found
✓ Windows target already installed

Using pdfium version: chromium/6015
Downloading pdfium libraries...
Cleaning old pdfium libraries...
Downloading pdfium for Windows...
Downloading Windows pdfium 6015...
  % Total    % Received % Xferd  Average Speed   Time    Time     Time  Current
                                 Dload  Upload   Total   Spent    Left  Speed
  0     0    0     0    0     0      0      0 --:--:-- --:--:-- --:--:--     0  0     0    0     0    0     0      0      0 --:--:-- --:--:-- --:--:--     0
100 2657k  100 2657k    0     0  4453k      0 --:--:-- --:--:-- --:--:-- 4453k
Extracting Windows pdfium...
✓ Windows pdfium ready at: /home/innav/light_pdf/libs/windows/bin

=== Running Tests ===
warning: field `document` is never read
  --> src/pdf.rs:26:5
   |
21 | pub struct PdfDocument {
   |            ----------- field in this struct
...
26 |     document: Option<LopdfDocument>,
   |     ^^^^^^^^
   |
   = note: `#[warn(dead_code)]` (part of `#[warn(unused)]`) on by default

warning: constant `EMBEDDED_PDFIUM` is never used
  --> src/pdfium_loader.rs:28:7
   |
28 | const EMBEDDED_PDFIUM: &[u8] = &[];
   |       ^^^^^^^^^^^^^^^

warning: `light_pdf` (lib) generated 2 warnings
warning: `light_pdf` (lib test) generated 2 warnings (2 duplicates)
warning: method `load_metadata` is never used
  --> src/pdf.rs:91:12
   |
31 | impl PdfDocument {
   | ---------------- method in this implementation
...
91 |     pub fn load_metadata(&mut self) -> io::Result<()> {
   |            ^^^^^^^^^^^^^

warning: `light_pdf` (bin "light_pdf" test) generated 3 warnings (2 duplicates)
    Finished `test` profile [unoptimized + debuginfo] target(s) in 0.17s
     Running unittests src/lib.rs (target/debug/deps/light_pdf-d4665244358788be)

running 2 tests
test pdf::tests::display_name_works ... ok
test pdf::tests::metadata_roundtrip_and_navigation ... ok

test result: ok. 2 passed; 0 failed; 0 ignored; 0 measured; 0 filtered out; finished in 0.00s

     Running unittests src/main.rs (target/debug/deps/light_pdf-70c0e9eca47c7877)

running 2 tests
test pdf::tests::display_name_works ... ok
test pdf::tests::metadata_roundtrip_and_navigation ... ok

test result: ok. 2 passed; 0 failed; 0 ignored; 0 measured; 0 filtered out; finished in 0.00s

   Doc-tests light_pdf

running 0 tests

test result: ok. 0 passed; 0 failed; 0 ignored; 0 measured; 0 filtered out; finished in 0.00s


=== Building Binaries ===

Building Windows binary...
warning: unused variable: `ctx`
  --> src/app.rs:54:41
   |
54 | fn perform_open_action(app: &mut MyApp, ctx: &egui::Context) {
   |                                         ^^^ help: if this is intentional, prefix it with an underscore: `_ctx`
   |
   = note: `#[warn(unused_variables)]` (part of `#[warn(unused)]`) on by default

warning: field `document` is never read
  --> src/pdf.rs:26:5
   |
21 | pub struct PdfDocument {
   |            ----------- field in this struct
...
26 |     document: Option<LopdfDocument>,
   |     ^^^^^^^^
   |
   = note: `#[warn(dead_code)]` (part of `#[warn(unused)]`) on by default

warning: `light_pdf` (lib) generated 2 warnings (run `cargo fix --lib -p light_pdf` to apply 1 suggestion)
warning: methods `load_metadata`, `set_page`, `set_zoom`, `set_total_pages`, and `persist` are never used
   --> src/pdf.rs:91:12
    |
 31 | impl PdfDocument {
    | ---------------- methods in this implementation
...
 91 |     pub fn load_metadata(&mut self) -> io::Result<()> {
    |            ^^^^^^^^^^^^^
...
135 |     pub fn set_page(&mut self, page: usize) {
    |            ^^^^^^^^
...
175 |     pub fn set_zoom(&mut self, zoom: f32) {
    |            ^^^^^^^^
...
181 |     pub fn set_total_pages(&mut self, total: usize) {
    |            ^^^^^^^^^^^^^^^
...
191 |     pub fn persist(&mut self) -> io::Result<()> {
    |            ^^^^^^^

warning: `light_pdf` (bin "light_pdf") generated 3 warnings (2 duplicates)
    Finished `release` profile [optimized] target(s) in 0.18s
✓ Windows binary built with embedded pdfium (single file)
  Location: target/x86_64-pc-windows-gnu/release/light_pdf.exe

=== Build Complete ===

Windows binary:
  Location: target/x86_64-pc-windows-gnu/release/light_pdf.exe
  Runtime: Self-contained (pdfium embedded) - just give users this one file!

Tip: Use --embed flag for single-file executables (larger but easier to distribute)
     ./build.sh --embed --windows-only
